// Jest Snapshot v1, https://goo.gl/fbAQLP

exports[`Testing Login Page Successfully Expect matched snapshot 1`] = `
Object {
  "asFragment": [Function],
  "baseElement": <body>
    <div>
      <div
        class="form-signin"
      >
        <form>
          <h1
            class="h3 mb-3 fw-normal"
          >
            Please sign in
          </h1>
          <div
            class="form-floating"
          >
            <input
              class="form-control"
              data-testid="usernam-testing"
              id="floatingInput"
              placeholder="Username"
              type="text"
              value="sarahedo"
            />
            <label
              for="floatingInput"
            >
              Username
            </label>
          </div>
          <div
            class="form-floating"
          >
            <input
              class="form-control"
              data-testid="password-testing"
              id="floatingPassword"
              placeholder="Password"
              type="password"
              value="password123"
            />
            <label
              for="floatingPassword"
            >
              Password
            </label>
          </div>
          <button
            class="w-100 btn btn-lg btn-primary"
            data-testid="button-testing"
            type="submit"
          >
            Sign in
          </button>
        </form>
      </div>
    </div>
  </body>,
  "container": <div>
    <div
      class="form-signin"
    >
      <form>
        <h1
          class="h3 mb-3 fw-normal"
        >
          Please sign in
        </h1>
        <div
          class="form-floating"
        >
          <input
            class="form-control"
            data-testid="usernam-testing"
            id="floatingInput"
            placeholder="Username"
            type="text"
            value="sarahedo"
          />
          <label
            for="floatingInput"
          >
            Username
          </label>
        </div>
        <div
          class="form-floating"
        >
          <input
            class="form-control"
            data-testid="password-testing"
            id="floatingPassword"
            placeholder="Password"
            type="password"
            value="password123"
          />
          <label
            for="floatingPassword"
          >
            Password
          </label>
        </div>
        <button
          class="w-100 btn btn-lg btn-primary"
          data-testid="button-testing"
          type="submit"
        >
          Sign in
        </button>
      </form>
    </div>
  </div>,
  "debug": [Function],
  "findAllByAltText": [Function],
  "findAllByDisplayValue": [Function],
  "findAllByLabelText": [Function],
  "findAllByPlaceholderText": [Function],
  "findAllByRole": [Function],
  "findAllByTestId": [Function],
  "findAllByText": [Function],
  "findAllByTitle": [Function],
  "findByAltText": [Function],
  "findByDisplayValue": [Function],
  "findByLabelText": [Function],
  "findByPlaceholderText": [Function],
  "findByRole": [Function],
  "findByTestId": [Function],
  "findByText": [Function],
  "findByTitle": [Function],
  "getAllByAltText": [Function],
  "getAllByDisplayValue": [Function],
  "getAllByLabelText": [Function],
  "getAllByPlaceholderText": [Function],
  "getAllByRole": [Function],
  "getAllByTestId": [Function],
  "getAllByText": [Function],
  "getAllByTitle": [Function],
  "getByAltText": [Function],
  "getByDisplayValue": [Function],
  "getByLabelText": [Function],
  "getByPlaceholderText": [Function],
  "getByRole": [Function],
  "getByTestId": [Function],
  "getByText": [Function],
  "getByTitle": [Function],
  "queryAllByAltText": [Function],
  "queryAllByDisplayValue": [Function],
  "queryAllByLabelText": [Function],
  "queryAllByPlaceholderText": [Function],
  "queryAllByRole": [Function],
  "queryAllByTestId": [Function],
  "queryAllByText": [Function],
  "queryAllByTitle": [Function],
  "queryByAltText": [Function],
  "queryByDisplayValue": [Function],
  "queryByLabelText": [Function],
  "queryByPlaceholderText": [Function],
  "queryByRole": [Function],
  "queryByTestId": [Function],
  "queryByText": [Function],
  "queryByTitle": [Function],
  "rerender": [Function],
  "unmount": [Function],
}
`;
